<?xml version="1.0" encoding="UTF-8"?>
<awesome>
    <paul>Rocks</paul>
</awesome>